// Jest Snapshot v1, https://goo.gl/fbAQLP

exports[`AddFacultyProject Snapshots AddFacultyProject.handleSubmit() 1`] = `
<form
  className=""
>
  <div
    className="position-relative form-group"
  >
    <label
      className=""
      htmlFor="projectTitle"
    >
      Project Title
    </label>
    <input
      className="form-control"
      name="title"
      onChange={[Function]}
      placeholder="Title"
      type="text"
      value=""
    />
  </div>
  <div
    className="position-relative form-group"
  >
    <label
      className=""
      htmlFor="projectDescription"
    >
      Project Description
    </label>
    <textarea
      className="form-control"
      name="content"
      onChange={[Function]}
      placeholder="Project Description"
      value=""
    />
  </div>
  <button
    aria-label={null}
    className="btn btn-secondary"
    onClick={[Function]}
    type="button"
  >
    Add
  </button>
</form>
`;
