// Jest Snapshot v1, https://goo.gl/fbAQLP

exports[`renders as expected 1`] = `
<Component
  style={
    Object {
      "alignItems": "center",
      "backgroundColor": "#1c1c1c",
      "height": "100%",
      "justifyContent": "center",
      "width": "100%",
    }
  }
>
  <Image
    source={1}
    style={
      Object {
        "marginTop": 40,
        "maxHeight": 267,
        "minHeight": 200,
        "position": "absolute",
        "resizeMode": "contain",
        "right": 133.5,
        "top": 66.5,
        "width": 333.5,
      }
    }
  />
  <FlatList
    data={
      Array [
        Object {
          "key": "blankElement",
        },
        Object {
          "key": "fadeup",
        },
        Object {
          "key": "faup",
        },
        Object {
          "key": "fbaup",
        },
        Object {
          "key": "fcnaup",
        },
        Object {
          "key": "fcup",
        },
        Object {
          "key": "fdup",
        },
        Object {
          "key": "fep",
        },
        Object {
          "key": "feup",
        },
        Object {
          "key": "ffup",
        },
        Object {
          "key": "flup",
        },
        Object {
          "key": "fmdup",
        },
        Object {
          "key": "fmup",
        },
        Object {
          "key": "fpceup",
        },
        Object {
          "key": "icbas",
        },
      ]
    }
    disableVirtualization={false}
    horizontal={false}
    initialNumToRender={10}
    keyExtractor={[Function]}
    maxToRenderPerBatch={10}
    numColumns={4}
    onEndReachedThreshold={2}
    renderItem={[Function]}
    scrollEventThrottle={50}
    style={
      Object {
        "transform": Array [
          Object {
            "translateY": 333.5,
          },
          Object {
            "rotate": "45deg",
          },
        ],
        "width": "70%",
      }
    }
    updateCellsBatchingPeriod={50}
    windowSize={21}
  />
</Component>
`;
