// Jest Snapshot v1, https://goo.gl/fbAQLP

exports[`renders loading screen 1`] = `<ActivityIndicatorView />`;

exports[`renders screen with video content 1`] = `
<Styled(ViewNB)
  style={
    Object {
      "alignItems": "center",
      "flex": 1,
      "justifyContent": "center",
      "maxHeight": 1334,
      "width": 750,
    }
  }
>
  <Carousel
    name="feup"
    videos={
      Array [
        <Styled(ViewNB)
          style={
            Object {
              "alignItems": "center",
              "flex": 1,
              "justifyContent": "center",
            }
          }
          virtual={undefined}
        >
          <WebView
            domStorageEnabled={true}
            javaScriptEnabled={true}
            javaScriptEnabledAndroid={true}
            onNavigationStateChange={[Function]}
            scalesPageToFit={true}
            source={
              Object {
                "uri": "https://youtube.com/1?playlist=1&autoplay=1&loop=1&theme=dark&fs=0&rel=0&disablekb=1",
              }
            }
            startInLoadingState={true}
            style={
              Object {
                "elevation": 10,
                "flex": 1,
                "width": 750,
              }
            }
          />
        </Styled(ViewNB)>,
        <Styled(ViewNB)
          style={
            Object {
              "alignItems": "center",
              "flex": 1,
              "justifyContent": "center",
            }
          }
          virtual={undefined}
        >
          <WebView
            domStorageEnabled={true}
            javaScriptEnabled={true}
            javaScriptEnabledAndroid={true}
            onNavigationStateChange={[Function]}
            scalesPageToFit={true}
            source={
              Object {
                "uri": "https://youtube.com/2?playlist=2&autoplay=1&loop=1&theme=dark&fs=0&rel=0&disablekb=1",
              }
            }
            startInLoadingState={true}
            style={
              Object {
                "elevation": 10,
                "flex": 1,
                "width": 750,
              }
            }
          />
        </Styled(ViewNB)>,
        <Styled(ViewNB)
          style={
            Object {
              "alignItems": "center",
              "flex": 1,
              "justifyContent": "center",
            }
          }
          virtual={undefined}
        >
          <WebView
            domStorageEnabled={true}
            javaScriptEnabled={true}
            javaScriptEnabledAndroid={true}
            onNavigationStateChange={[Function]}
            scalesPageToFit={true}
            source={
              Object {
                "uri": "https://youtube.com/3?playlist=3&autoplay=1&loop=1&theme=dark&fs=0&rel=0&disablekb=1",
              }
            }
            startInLoadingState={true}
            style={
              Object {
                "elevation": 10,
                "flex": 1,
                "width": 750,
              }
            }
          />
        </Styled(ViewNB)>,
      ]
    }
  />
</Styled(ViewNB)>
`;
