// Jest Snapshot v1, https://goo.gl/fbAQLP

exports[`renders view correctly 1`] = `
<Component
  style={
    Object {
      "alignItems": "center",
      "flex": 1,
      "justifyContent": "center",
    }
  }
>
  <Component>
    <ActivityIndicator
      animating={true}
      color="#999999"
      hidesWhenStopped={true}
      size={75}
    />
  </Component>
</Component>
`;
