// Jest Snapshot v1, https://goo.gl/fbAQLP

exports[`renders correct logo 1`] = `
<TouchableOpacity
  activeOpacity={0.2}
  onPress={[MockFunction]}
  title=""
>
  <Component
    style={
      Object {
        "alignItems": "center",
        "backgroundColor": "white",
        "borderRadius": 80,
        "borderWidth": 0,
        "height": 240,
        "justifyContent": "center",
        "margin": 13.5,
        "width": 240,
      }
    }
  >
    <Image
      source={1}
      style={
        Object {
          "aspectRatio": 0.9,
          "flex": 1,
          "resizeMode": "contain",
          "transform": Array [
            Object {
              "rotate": "315deg",
            },
          ],
        }
      }
    />
  </Component>
</TouchableOpacity>
`;
